\BOOKMARK [1][-]{section.1}{\376\377\000I\000n\000t\000r\000o\000d\000u\000c\000t\000i\000o\000n\000\040\000e\000t\000\040\000G\000\351\000n\000\351\000r\000a\000l\000i\000t\000\351\000s}{}% 1
\BOOKMARK [2][-]{subsection.1.1}{\376\377\000H\000i\000s\000t\000o\000i\000r\000e\000\040\000d\000'\000U\000n\000i\000x}{section.1}% 2
\BOOKMARK [2][-]{subsection.1.2}{\376\377\000L\000i\000n\000u\000x\000\040\000:\000\040\000D\000\351\000f\000i\000n\000i\000t\000i\000o\000n}{section.1}% 3
\BOOKMARK [2][-]{subsection.1.3}{\376\377\000C\000a\000r\000a\000c\000t\000\351\000r\000i\000s\000t\000i\000q\000u\000e\000s\000\040\000d\000e\000\040\000L\000i\000n\000u\000x}{section.1}% 4
\BOOKMARK [2][-]{subsection.1.4}{\376\377\000A\000r\000c\000h\000i\000t\000e\000c\000t\000u\000r\000e\000\040\000d\000'\000u\000n\000\040\000s\000y\000s\000t\000\350\000m\000e\000\040\000L\000i\000n\000u\000x}{section.1}% 5
\BOOKMARK [2][-]{subsection.1.5}{\376\377\000L\000e\000\040\000S\000h\000e\000l\000l}{section.1}% 6
\BOOKMARK [1][-]{section.2}{\376\377\000S\000t\000a\000n\000d\000a\000r\000d\000\040\000d\000e\000\040\000H\000i\000\351\000r\000a\000r\000c\000h\000i\000e\000\040\000d\000e\000s\000\040\000S\000y\000s\000t\000\350\000m\000e\000s\000\040\000d\000e\000\040\000F\000i\000c\000h\000i\000e\000r\000s\000\040\000\050\000F\000H\000S\000\051}{}% 7
\BOOKMARK [2][-]{subsection.2.1}{\376\377\000D\000\351\000f\000i\000n\000i\000t\000i\000o\000n}{section.2}% 8
\BOOKMARK [2][-]{subsection.2.2}{\376\377\000R\000\351\000p\000e\000r\000t\000o\000i\000r\000e\000s\000\040\000p\000r\000i\000n\000c\000i\000p\000a\000u\000x}{section.2}% 9
\BOOKMARK [3][-]{subsubsection.2.2.1}{\376\377\000/\000b\000i\000n\000,\000\040\000/\000s\000b\000i\000n\000,\000\040\000/\000l\000i\000b}{subsection.2.2}% 10
\BOOKMARK [3][-]{subsubsection.2.2.2}{\376\377\000/\000d\000e\000v}{subsection.2.2}% 11
\BOOKMARK [3][-]{subsubsection.2.2.3}{\376\377\000/\000e\000t\000c}{subsection.2.2}% 12
\BOOKMARK [3][-]{subsubsection.2.2.4}{\376\377\000/\000u\000s\000r}{subsection.2.2}% 13
\BOOKMARK [3][-]{subsubsection.2.2.5}{\376\377\000/\000v\000a\000r}{subsection.2.2}% 14
\BOOKMARK [3][-]{subsubsection.2.2.6}{\376\377\000/\000p\000r\000o\000c}{subsection.2.2}% 15
\BOOKMARK [3][-]{subsubsection.2.2.7}{\376\377\000A\000u\000t\000r\000e\000s\000\040\000r\000\351\000p\000e\000r\000t\000o\000i\000r\000e\000s}{subsection.2.2}% 16
\BOOKMARK [1][-]{section.3}{\376\377\000D\000\351\000m\000a\000r\000r\000a\000g\000e\000\040\000e\000t\000\040\000A\000r\000r\000\352\000t\000\040\000d\000u\000\040\000S\000y\000s\000t\000\350\000m\000e\000\040\000L\000i\000n\000u\000x}{}% 17
\BOOKMARK [2][-]{subsection.3.1}{\376\377\000P\000r\000o\000c\000e\000s\000s\000u\000s\000\040\000d\000e\000\040\000d\000\351\000m\000a\000r\000r\000a\000g\000e}{section.3}% 18
\BOOKMARK [2][-]{subsection.3.2}{\376\377\000B\000I\000O\000S\000\040\000v\000s\000\040\000U\000E\000F\000I}{section.3}% 19
\BOOKMARK [2][-]{subsection.3.3}{\376\377\000C\000h\000a\000r\000g\000e\000u\000r\000\040\000d\000e\000\040\000d\000\351\000m\000a\000r\000r\000a\000g\000e\000\040\000\050\000B\000o\000o\000t\000L\000o\000a\000d\000e\000r\000\051}{section.3}% 20
\BOOKMARK [2][-]{subsection.3.4}{\376\377\000I\000n\000i\000t\000R\000a\000m\000F\000s\000\040\000\050\000I\000n\000i\000t\000i\000a\000l\000\040\000R\000A\000M\000\040\000D\000i\000s\000k\000\051}{section.3}% 21
\BOOKMARK [2][-]{subsection.3.5}{\376\377\000G\000e\000s\000t\000i\000o\000n\000n\000a\000i\000r\000e\000s\000\040\000d\000e\000\040\000s\000e\000r\000v\000i\000c\000e\000s}{section.3}% 22
\BOOKMARK [3][-]{subsubsection.3.5.1}{\376\377\000S\000y\000s\000V\000i\000n\000i\000t}{subsection.3.5}% 23
\BOOKMARK [3][-]{subsubsection.3.5.2}{\376\377\000S\000y\000s\000t\000e\000m\000d}{subsection.3.5}% 24
\BOOKMARK [2][-]{subsection.3.6}{\376\377\000A\000r\000r\000\352\000t\000\040\000d\000u\000\040\000s\000y\000s\000t\000\350\000m\000e}{section.3}% 25
\BOOKMARK [2][-]{subsection.3.7}{\376\377\000G\000e\000s\000t\000i\000o\000n\000\040\000d\000e\000s\000\040\000s\000e\000r\000v\000i\000c\000e\000s}{section.3}% 26
\BOOKMARK [2][-]{subsection.3.8}{\376\377\000D\000\351\000p\000a\000n\000n\000a\000g\000e\000\040\000e\000t\000\040\000j\000o\000u\000r\000n\000a\000l\000i\000s\000a\000t\000i\000o\000n}{section.3}% 27
\BOOKMARK [1][-]{section.4}{\376\377\000G\000e\000s\000t\000i\000o\000n\000\040\000d\000e\000s\000\040\000P\000a\000q\000u\000e\000t\000a\000g\000e\000s}{}% 28
\BOOKMARK [2][-]{subsection.4.1}{\376\377\000N\000o\000t\000i\000o\000n\000\040\000d\000e\000\040\000p\000a\000q\000u\000e\000t\000a\000g\000e}{section.4}% 29
\BOOKMARK [2][-]{subsection.4.2}{\376\377\000F\000o\000r\000m\000a\000t\000s\000\040\000d\000e\000\040\000p\000a\000q\000u\000e\000t\000a\000g\000e\000s}{section.4}% 30
\BOOKMARK [2][-]{subsection.4.3}{\376\377\000P\000a\000q\000u\000e\000t\000a\000g\000e\000\040\000R\000P\000M}{section.4}% 31
\BOOKMARK [2][-]{subsection.4.4}{\376\377\000G\000e\000s\000t\000i\000o\000n\000n\000a\000i\000r\000e\000\040\000d\000e\000\040\000p\000a\000q\000u\000e\000t\000s\000\040\000Y\000U\000M}{section.4}% 32
\BOOKMARK [2][-]{subsection.4.5}{\376\377\000G\000e\000s\000t\000i\000o\000n\000n\000a\000i\000r\000e\000\040\000d\000e\000\040\000p\000a\000q\000u\000e\000t\000s\000\040\000D\000N\000F}{section.4}% 33
\BOOKMARK [2][-]{subsection.4.6}{\376\377\000D\000\351\000p\000\364\000t\000s\000\040\000d\000e\000\040\000p\000a\000q\000u\000e\000t\000a\000g\000e\000s}{section.4}% 34
\BOOKMARK [1][-]{section.5}{\376\377\000G\000e\000s\000t\000i\000o\000n\000\040\000d\000e\000s\000\040\000U\000t\000i\000l\000i\000s\000a\000t\000e\000u\000r\000s}{}% 35
\BOOKMARK [2][-]{subsection.5.1}{\376\377\000T\000y\000p\000e\000s\000\040\000d\000e\000\040\000c\000o\000m\000p\000t\000e\000s\000\040\000u\000t\000i\000l\000i\000s\000a\000t\000e\000u\000r\000s}{section.5}% 36
\BOOKMARK [2][-]{subsection.5.2}{\376\377\000F\000i\000c\000h\000i\000e\000r\000s\000\040\000d\000'\000e\000n\000r\000e\000g\000i\000s\000t\000r\000e\000m\000e\000n\000t}{section.5}% 37
\BOOKMARK [2][-]{subsection.5.3}{\376\377\000S\000t\000r\000u\000c\000t\000u\000r\000e\000\040\000d\000e\000\040\000/\000e\000t\000c\000/\000p\000a\000s\000s\000w\000d}{section.5}% 38
\BOOKMARK [2][-]{subsection.5.4}{\376\377\000S\000t\000r\000u\000c\000t\000u\000r\000e\000\040\000d\000e\000\040\000/\000e\000t\000c\000/\000s\000h\000a\000d\000o\000w}{section.5}% 39
\BOOKMARK [2][-]{subsection.5.5}{\376\377\000C\000o\000m\000m\000a\000n\000d\000e\000s\000\040\000d\000e\000\040\000g\000e\000s\000t\000i\000o\000n\000\040\000d\000e\000s\000\040\000u\000t\000i\000l\000i\000s\000a\000t\000e\000u\000r\000s}{section.5}% 40
\BOOKMARK [3][-]{subsubsection.5.5.1}{\376\377\000C\000r\000\351\000a\000t\000i\000o\000n}{subsection.5.5}% 41
\BOOKMARK [3][-]{subsubsection.5.5.2}{\376\377\000M\000o\000d\000i\000f\000i\000c\000a\000t\000i\000o\000n}{subsection.5.5}% 42
\BOOKMARK [3][-]{subsubsection.5.5.3}{\376\377\000S\000u\000p\000p\000r\000e\000s\000s\000i\000o\000n}{subsection.5.5}% 43
\BOOKMARK [3][-]{subsubsection.5.5.4}{\376\377\000G\000e\000s\000t\000i\000o\000n\000\040\000d\000e\000s\000\040\000m\000o\000t\000s\000\040\000d\000e\000\040\000p\000a\000s\000s\000e}{subsection.5.5}% 44
\BOOKMARK [2][-]{subsection.5.6}{\376\377\000G\000e\000s\000t\000i\000o\000n\000\040\000d\000e\000s\000\040\000g\000r\000o\000u\000p\000e\000s}{section.5}% 45
\BOOKMARK [3][-]{subsubsection.5.6.1}{\376\377\000C\000r\000\351\000a\000t\000i\000o\000n\000\040\000e\000t\000\040\000m\000o\000d\000i\000f\000i\000c\000a\000t\000i\000o\000n}{subsection.5.6}% 46
\BOOKMARK [3][-]{subsubsection.5.6.2}{\376\377\000G\000e\000s\000t\000i\000o\000n\000\040\000d\000e\000s\000\040\000m\000e\000m\000b\000r\000e\000s}{subsection.5.6}% 47
\BOOKMARK [2][-]{subsection.5.7}{\376\377\000D\000r\000o\000i\000t\000s\000\040\000d\000'\000a\000c\000c\000\350\000s}{section.5}% 48
\BOOKMARK [3][-]{subsubsection.5.7.1}{\376\377\000P\000e\000r\000m\000i\000s\000s\000i\000o\000n\000s\000\040\000t\000r\000a\000d\000i\000t\000i\000o\000n\000n\000e\000l\000l\000e\000s}{subsection.5.7}% 49
\BOOKMARK [3][-]{subsubsection.5.7.2}{\376\377\000M\000o\000d\000i\000f\000i\000c\000a\000t\000i\000o\000n\000\040\000d\000e\000s\000\040\000p\000e\000r\000m\000i\000s\000s\000i\000o\000n\000s}{subsection.5.7}% 50
\BOOKMARK [3][-]{subsubsection.5.7.3}{\376\377\000C\000h\000a\000n\000g\000e\000m\000e\000n\000t\000\040\000d\000e\000\040\000p\000r\000o\000p\000r\000i\000\351\000t\000a\000i\000r\000e}{subsection.5.7}% 51
\BOOKMARK [2][-]{subsection.5.8}{\376\377\000G\000e\000s\000t\000i\000o\000n\000\040\000d\000e\000s\000\040\000p\000r\000i\000v\000i\000l\000\350\000g\000e\000s\000\040\000:\000\040\000s\000u\000d\000o}{section.5}% 52
\BOOKMARK [1][-]{section.6}{\376\377\000G\000e\000s\000t\000i\000o\000n\000\040\000d\000e\000s\000\040\000D\000i\000s\000q\000u\000e\000s\000\040\000e\000t\000\040\000S\000y\000s\000t\000\350\000m\000e\000s\000\040\000d\000e\000\040\000F\000i\000c\000h\000i\000e\000r\000s}{}% 53
\BOOKMARK [2][-]{subsection.6.1}{\376\377\000T\000y\000p\000e\000s\000\040\000d\000e\000\040\000d\000i\000s\000q\000u\000e\000s}{section.6}% 54
\BOOKMARK [2][-]{subsection.6.2}{\376\377\000P\000a\000r\000t\000i\000t\000i\000o\000n\000n\000e\000m\000e\000n\000t}{section.6}% 55
\BOOKMARK [3][-]{subsubsection.6.2.1}{\376\377\000M\000B\000R\000\040\000v\000s\000\040\000G\000P\000T}{subsection.6.2}% 56
\BOOKMARK [3][-]{subsubsection.6.2.2}{\376\377\000O\000r\000g\000a\000n\000i\000s\000a\000t\000i\000o\000n\000\040\000d\000e\000s\000\040\000d\000i\000s\000q\000u\000e\000s\000\040\000s\000o\000u\000s\000\040\000L\000i\000n\000u\000x}{subsection.6.2}% 57
\BOOKMARK [3][-]{subsubsection.6.2.3}{\376\377\000C\000o\000m\000m\000a\000n\000d\000e\000s\000\040\000d\000'\000i\000n\000f\000o\000r\000m\000a\000t\000i\000o\000n}{subsection.6.2}% 58
\BOOKMARK [3][-]{subsubsection.6.2.4}{\376\377\000C\000r\000\351\000a\000t\000i\000o\000n\000\040\000d\000e\000\040\000p\000a\000r\000t\000i\000t\000i\000o\000n\000s}{subsection.6.2}% 59
\BOOKMARK [2][-]{subsection.6.3}{\376\377\000S\000y\000s\000t\000\350\000m\000e\000s\000\040\000d\000e\000\040\000f\000i\000c\000h\000i\000e\000r\000s}{section.6}% 60
\BOOKMARK [3][-]{subsubsection.6.3.1}{\376\377\000D\000\351\000f\000i\000n\000i\000t\000i\000o\000n}{subsection.6.3}% 61
\BOOKMARK [3][-]{subsubsection.6.3.2}{\376\377\000S\000y\000s\000t\000\350\000m\000e\000s\000\040\000d\000e\000\040\000f\000i\000c\000h\000i\000e\000r\000s\000\040\000G\000N\000U\000/\000L\000i\000n\000u\000x}{subsection.6.3}% 62
\BOOKMARK [3][-]{subsubsection.6.3.3}{\376\377\000I\000n\000i\000t\000i\000a\000l\000i\000s\000a\000t\000i\000o\000n\000\040\000\050\000f\000o\000r\000m\000a\000t\000a\000g\000e\000\051}{subsection.6.3}% 63
\BOOKMARK [2][-]{subsection.6.4}{\376\377\000R\000e\000p\000r\000\351\000s\000e\000n\000t\000a\000t\000i\000o\000n\000\040\000d\000e\000s\000\040\000f\000i\000c\000h\000i\000e\000r\000s\000\040\000s\000u\000r\000\040\000d\000i\000s\000q\000u\000e}{section.6}% 64
\BOOKMARK [3][-]{subsubsection.6.4.1}{\376\377\000C\000o\000n\000c\000e\000p\000t\000s}{subsection.6.4}% 65
\BOOKMARK [3][-]{subsubsection.6.4.2}{\376\377\000I\000n\000o\000d\000e}{subsection.6.4}% 66
\BOOKMARK [3][-]{subsubsection.6.4.3}{\376\377\000L\000i\000e\000n\000s}{subsection.6.4}% 67
\BOOKMARK [2][-]{subsection.6.5}{\376\377\000M\000o\000n\000t\000a\000g\000e\000\040\000d\000'\000u\000n\000e\000\040\000p\000a\000r\000t\000i\000t\000i\000o\000n}{section.6}% 68
\BOOKMARK [3][-]{subsubsection.6.5.1}{\376\377\000C\000o\000m\000m\000a\000n\000d\000e\000s}{subsection.6.5}% 69
\BOOKMARK [3][-]{subsubsection.6.5.2}{\376\377\000F\000i\000c\000h\000i\000e\000r\000\040\000/\000e\000t\000c\000/\000f\000s\000t\000a\000b}{subsection.6.5}% 70
\BOOKMARK [2][-]{subsection.6.6}{\376\377\000G\000e\000s\000t\000i\000o\000n\000\040\000d\000e\000\040\000l\000'\000e\000s\000p\000a\000c\000e\000\040\000S\000w\000a\000p}{section.6}% 71
\BOOKMARK [3][-]{subsubsection.6.6.1}{\376\377\000D\000\351\000f\000i\000n\000i\000t\000i\000o\000n}{subsection.6.6}% 72
\BOOKMARK [3][-]{subsubsection.6.6.2}{\376\377\000C\000o\000n\000f\000i\000g\000u\000r\000a\000t\000i\000o\000n}{subsection.6.6}% 73
\BOOKMARK [3][-]{subsubsection.6.6.3}{\376\377\000C\000o\000m\000m\000a\000n\000d\000e\000s}{subsection.6.6}% 74
\BOOKMARK [1][-]{section.7}{\376\377\000S\000\351\000c\000u\000r\000i\000t\000\351\000\040\000s\000o\000u\000s\000\040\000L\000i\000n\000u\000x}{}% 75
\BOOKMARK [2][-]{subsection.7.1}{\376\377\000A\000C\000L\000s\000\040\000:\000\040\000L\000i\000s\000t\000e\000\040\000d\000e\000\040\000C\000o\000n\000t\000r\000\364\000l\000e\000\040\000d\000'\000A\000c\000c\000\350\000s}{section.7}% 76
\BOOKMARK [3][-]{subsubsection.7.1.1}{\376\377\000D\000\351\000f\000i\000n\000i\000t\000i\000o\000n}{subsection.7.1}% 77
\BOOKMARK [3][-]{subsubsection.7.1.2}{\376\377\000C\000o\000m\000m\000a\000n\000d\000e\000s}{subsection.7.1}% 78
\BOOKMARK [3][-]{subsubsection.7.1.3}{\376\377\000A\000C\000L\000s\000\040\000p\000a\000r\000\040\000d\000\351\000f\000a\000u\000t}{subsection.7.1}% 79
\BOOKMARK [3][-]{subsubsection.7.1.4}{\376\377\000M\000a\000s\000q\000u\000e}{subsection.7.1}% 80
\BOOKMARK [2][-]{subsection.7.2}{\376\377\000D\000r\000o\000i\000t\000s\000\040\000s\000p\000\351\000c\000i\000a\000u\000x}{section.7}% 81
\BOOKMARK [3][-]{subsubsection.7.2.1}{\376\377\000S\000e\000t\000u\000i\000d}{subsection.7.2}% 82
\BOOKMARK [3][-]{subsubsection.7.2.2}{\376\377\000S\000e\000t\000g\000i\000d}{subsection.7.2}% 83
\BOOKMARK [3][-]{subsubsection.7.2.3}{\376\377\000S\000t\000i\000c\000k\000y\000\040\000B\000i\000t}{subsection.7.2}% 84
\BOOKMARK [2][-]{subsection.7.3}{\376\377\000S\000E\000L\000i\000n\000u\000x\000\040\000:\000\040\000S\000e\000c\000u\000r\000i\000t\000y\000-\000E\000n\000h\000a\000n\000c\000e\000d\000\040\000L\000i\000n\000u\000x}{section.7}% 85
\BOOKMARK [3][-]{subsubsection.7.3.1}{\376\377\000I\000n\000t\000r\000o\000d\000u\000c\000t\000i\000o\000n}{subsection.7.3}% 86
\BOOKMARK [3][-]{subsubsection.7.3.2}{\376\377\000D\000A\000C\000\040\000v\000s\000\040\000M\000A\000C}{subsection.7.3}% 87
\BOOKMARK [3][-]{subsubsection.7.3.3}{\376\377\000C\000o\000n\000c\000e\000p\000t\000s\000\040\000S\000E\000L\000i\000n\000u\000x}{subsection.7.3}% 88
\BOOKMARK [3][-]{subsubsection.7.3.4}{\376\377\000C\000o\000n\000t\000e\000x\000t\000e\000\040\000S\000E\000L\000i\000n\000u\000x}{subsection.7.3}% 89
\BOOKMARK [3][-]{subsubsection.7.3.5}{\376\377\000M\000o\000d\000e\000s\000\040\000d\000e\000\040\000f\000o\000n\000c\000t\000i\000o\000n\000n\000e\000m\000e\000n\000t}{subsection.7.3}% 90
\BOOKMARK [3][-]{subsubsection.7.3.6}{\376\377\000C\000o\000m\000m\000a\000n\000d\000e\000s}{subsection.7.3}% 91
\BOOKMARK [3][-]{subsubsection.7.3.7}{\376\377\000C\000o\000n\000f\000i\000g\000u\000r\000a\000t\000i\000o\000n}{subsection.7.3}% 92
\BOOKMARK [3][-]{subsubsection.7.3.8}{\376\377\000E\000x\000e\000m\000p\000l\000e\000s\000\040\000d\000e\000\040\000t\000y\000p\000e\000s\000\040\000S\000E\000L\000i\000n\000u\000x}{subsection.7.3}% 93
